#
# There is insufficient memory for the Java Runtime Environment to continue.
# Native memory allocation (malloc) failed to allocate 1048576 bytes. Error detail: AllocateHeap
# Possible reasons:
#   The system is out of physical RAM or swap space
#   This process is running with CompressedOops enabled, and the Java Heap may be blocking the growth of the native heap
# Possible solutions:
#   Reduce memory load on the system
#   Increase physical memory or swap space
#   Check if swap backing store is full
#   Decrease Java heap size (-Xmx/-Xms)
#   Decrease number of Java threads
#   Decrease Java thread stack sizes (-Xss)
#   Set larger code cache with -XX:ReservedCodeCacheSize=
#   JVM is running with Unscaled Compressed Oops mode in which the Java heap is
#     placed in the first 4GB address space. The Java Heap base address is the
#     maximum limit for the native heap growth. Please use -XX:HeapBaseMinAddress
#     to set the Java Heap base and to place the Java Heap above 4GB virtual address.
# This output file may be truncated or incomplete.
#
#  Out of Memory Error (allocation.cpp:44), pid=27720, tid=33692
#
# JRE version: OpenJDK Runtime Environment Microsoft-13877171 (21.0.11+10) (build 21.0.11+10-LTS)
# Java VM: OpenJDK 64-Bit Server VM Microsoft-13877171 (21.0.11+10-LTS, mixed mode, sharing, tiered, compressed oops, compressed class ptrs, parallel gc, windows-amd64)
# No core dump will be written. Minidumps are not enabled by default on client versions of Windows
#

---------------  S U M M A R Y ------------

Command Line: --add-modules=ALL-SYSTEM --add-opens=java.base/java.util=ALL-UNNAMED --add-opens=java.base/java.lang=ALL-UNNAMED --add-opens=java.base/sun.nio.fs=ALL-UNNAMED -Declipse.application=org.eclipse.jdt.ls.core.id1 -Dosgi.bundles.defaultStartLevel=4 -Declipse.product=org.eclipse.jdt.ls.core.product -Djava.import.generatesMetadataFilesAtProjectRoot=false -DDetectVMInstallationsJob.disabled=true -Dfile.encoding=utf8 -XX:+UseParallelGC -XX:GCTimeRatio=4 -XX:AdaptiveSizePolicyWeight=90 -Dsun.zip.disableMemoryMapping=true -Xmx2G -Xms100m -Xlog:disable -javaagent:c:\Users\HORAS\.vscode\extensions\redhat.java-1.54.0-win32-x64\lombok\lombok-1.18.39-4050.jar -XX:+HeapDumpOnOutOfMemoryError -XX:HeapDumpPath=c:\Users\HORAS\AppData\Roaming\Code\User\workspaceStorage\64ee89de0fff9e4d9b582989a4a1fa66\redhat.java -Daether.dependencyCollector.impl=bf c:\Users\HORAS\.vscode\extensions\redhat.java-1.54.0-win32-x64\server\plugins\org.eclipse.equinox.launcher_1.7.100.v20251111-0406.jar -configuration c:\Users\HORAS\AppData\Roaming\Code\User\globalStorage\redhat.java\1.54.0\config_win -data c:\Users\HORAS\AppData\Roaming\Code\User\workspaceStorage\64ee89de0fff9e4d9b582989a4a1fa66\redhat.java\jdt_ws --pipe=\\.\pipe\lsp-d0256e85c308405b044681df486ebb4b-sock

Host: 12th Gen Intel(R) Core(TM) i7-1255U, 12 cores, 23G,  Windows 11 , 64 bit Build 26100 (10.0.26100.8246)
Time: Mon May 11 19:00:03 2026 Egypt Daylight Time elapsed time: 3488.126846 seconds (0d 0h 58m 8s)

---------------  T H R E A D  ---------------

Current thread (0x0000024d5178cc30):  JavaThread "Attach Listener" daemon [_thread_in_vm, id=33692, stack(0x000000f634200000,0x000000f634300000) (1024K)]

Stack: [0x000000f634200000,0x000000f634300000]
Native frames: (J=compiled Java code, j=interpreted, Vv=VM code, C=native code)
V  [jvm.dll+0x6e0429]  (no source info available)
V  [jvm.dll+0x8c057b]  (no source info available)
V  [jvm.dll+0x8c2b0a]  (no source info available)
V  [jvm.dll+0x8c31e3]  (no source info available)
V  [jvm.dll+0x28ac66]  (no source info available)
V  [jvm.dll+0xc3d77]  (no source info available)
V  [jvm.dll+0x6e3839]  (no source info available)
V  [jvm.dll+0x1398ce]  (no source info available)
V  [jvm.dll+0x4022c5]  (no source info available)
V  [jvm.dll+0x86b2bd]  (no source info available)
V  [jvm.dll+0x6e19dd]  (no source info available)
C  [ucrtbase.dll+0x37b0]  (no source info available)
C  [KERNEL32.DLL+0x2e8d7]  (no source info available)
C  [ntdll.dll+0x8c3fc]  (no source info available)


---------------  P R O C E S S  ---------------

Threads class SMR info:
_java_thread_list=0x0000024d5b232ba0, length=63, elements={
0x0000024d7298eeb0, 0x0000024d7293db70, 0x0000024d51786c20, 0x0000024d5178a1c0,
0x0000024d5178cc30, 0x0000024d5178f3c0, 0x0000024d51790080, 0x0000024d517b4fb0,
0x0000024d517bb840, 0x0000024d51a25fd0, 0x0000024d51a3d1b0, 0x0000024d5674fc20,
0x0000024d56806b40, 0x0000024d56703c70, 0x0000024d56704990, 0x0000024d56705020,
0x0000024d56fc8e90, 0x0000024d56fc8800, 0x0000024d56fc8170, 0x0000024d56fc6730,
0x0000024d56fc7450, 0x0000024d56fc9bb0, 0x0000024d56fca240, 0x0000024d56fc6dc0,
0x0000024d56fcd030, 0x0000024d56fca8d0, 0x0000024d56fcb5f0, 0x0000024d56fcaf60,
0x0000024d56fcbc80, 0x0000024d56fcc310, 0x0000024d56fcc9a0, 0x0000024d5865d700,
0x0000024d5865f7d0, 0x0000024d5865fe60, 0x0000024d5865e420, 0x0000024d58660b80,
0x0000024d588436b0, 0x0000024d58844a60, 0x0000024d58842990, 0x0000024d588450f0,
0x0000024d572f3c10, 0x0000024d56fc5a10, 0x0000024d56fc9520, 0x0000024d56fc60a0,
0x0000024d572f2ef0, 0x0000024d572f7720, 0x0000024d5a2acfa0, 0x0000024d5823b350,
0x0000024d5823b9e0, 0x0000024d5823c070, 0x0000024d5823ee60, 0x0000024d5823cd90,
0x0000024d58239fa0, 0x0000024d5823e7d0, 0x0000024d5a2b1140, 0x0000024d5a2afd90,
0x0000024d5a2ae9e0, 0x0000024d5a2b3f30, 0x0000024d586625c0, 0x0000024d5865f140,
0x0000024d58661f30, 0x0000024d58841c70, 0x0000024d5883e7f0
}

Java Threads: ( => current thread )
  0x0000024d7298eeb0 JavaThread "main"                              [_thread_blocked, id=34376, stack(0x000000f633b00000,0x000000f633c00000) (1024K)]
  0x0000024d7293db70 JavaThread "Reference Handler"          daemon [_thread_blocked, id=9008, stack(0x000000f633f00000,0x000000f634000000) (1024K)]
  0x0000024d51786c20 JavaThread "Finalizer"                  daemon [_thread_blocked, id=22384, stack(0x000000f634000000,0x000000f634100000) (1024K)]
  0x0000024d5178a1c0 JavaThread "Signal Dispatcher"          daemon [_thread_blocked, id=7220, stack(0x000000f634100000,0x000000f634200000) (1024K)]
=>0x0000024d5178cc30 JavaThread "Attach Listener"            daemon [_thread_in_vm, id=33692, stack(0x000000f634200000,0x000000f634300000) (1024K)]
  0x0000024d5178f3c0 JavaThread "Service Thread"             daemon [_thread_blocked, id=29824, stack(0x000000f634300000,0x000000f634400000) (1024K)]
  0x0000024d51790080 JavaThread "Monitor Deflation Thread"   daemon [_thread_blocked, id=28244, stack(0x000000f634400000,0x000000f634500000) (1024K)]
  0x0000024d517b4fb0 JavaThread "C2 CompilerThread0"         daemon [_thread_blocked, id=24296, stack(0x000000f634500000,0x000000f634600000) (1024K)]
  0x0000024d517bb840 JavaThread "C1 CompilerThread0"         daemon [_thread_blocked, id=9508, stack(0x000000f634600000,0x000000f634700000) (1024K)]
  0x0000024d51a25fd0 JavaThread "Common-Cleaner"             daemon [_thread_blocked, id=26548, stack(0x000000f634700000,0x000000f634800000) (1024K)]
  0x0000024d51a3d1b0 JavaThread "Notification Thread"        daemon [_thread_blocked, id=10300, stack(0x000000f634900000,0x000000f634a00000) (1024K)]
  0x0000024d5674fc20 JavaThread "Active Thread: Equinox Container: 1e5a1928-16dc-4723-9a50-9d9650f8141b"        [_thread_blocked, id=13724, stack(0x000000f635700000,0x000000f635800000) (1024K)]
  0x0000024d56806b40 JavaThread "Framework Event Dispatcher: Equinox Container: 1e5a1928-16dc-4723-9a50-9d9650f8141b" daemon [_thread_blocked, id=33320, stack(0x000000f635900000,0x000000f635a00000) (1024K)]
  0x0000024d56703c70 JavaThread "Start Level: Equinox Container: 1e5a1928-16dc-4723-9a50-9d9650f8141b" daemon [_thread_blocked, id=32716, stack(0x000000f635a00000,0x000000f635b00000) (1024K)]
  0x0000024d56704990 JavaThread "Bundle File Closer"         daemon [_thread_blocked, id=21356, stack(0x000000f635b00000,0x000000f635c00000) (1024K)]
  0x0000024d56705020 JavaThread "Refresh Thread: Equinox Container: 1e5a1928-16dc-4723-9a50-9d9650f8141b" daemon [_thread_blocked, id=33844, stack(0x000000f635c00000,0x000000f635d00000) (1024K)]
  0x0000024d56fc8e90 JavaThread "SCR Component Actor"        daemon [_thread_blocked, id=28228, stack(0x000000f634a00000,0x000000f634b00000) (1024K)]
  0x0000024d56fc8800 JavaThread "Worker-JM"                         [_thread_blocked, id=34228, stack(0x000000f636500000,0x000000f636600000) (1024K)]
  0x0000024d56fc8170 JavaThread "Java indexing"              daemon [_thread_blocked, id=24720, stack(0x000000f636900000,0x000000f636a00000) (1024K)]
  0x0000024d56fc6730 JavaThread "JNA Cleaner"                daemon [_thread_blocked, id=2232, stack(0x000000f636a00000,0x000000f636b00000) (1024K)]
  0x0000024d56fc7450 JavaThread "Thread-1"                   daemon [_thread_in_native, id=27380, stack(0x000000f637000000,0x000000f637100000) (1024K)]
  0x0000024d56fc9bb0 JavaThread "Thread-2"                   daemon [_thread_in_native, id=23872, stack(0x000000f637100000,0x000000f637200000) (1024K)]
  0x0000024d56fca240 JavaThread "Thread-3"                   daemon [_thread_in_native, id=13736, stack(0x000000f637200000,0x000000f637300000) (1024K)]
  0x0000024d56fc6dc0 JavaThread "Thread-4"                   daemon [_thread_in_native, id=20476, stack(0x000000f637300000,0x000000f637400000) (1024K)]
  0x0000024d56fcd030 JavaThread "Thread-5"                   daemon [_thread_in_native, id=23076, stack(0x000000f637400000,0x000000f637500000) (1024K)]
  0x0000024d56fca8d0 JavaThread "Thread-6"                   daemon [_thread_in_native, id=22556, stack(0x000000f637500000,0x000000f637600000) (1024K)]
  0x0000024d56fcb5f0 JavaThread "Thread-7"                   daemon [_thread_in_native, id=14508, stack(0x000000f637600000,0x000000f637700000) (1024K)]
  0x0000024d56fcaf60 JavaThread "Thread-8"                   daemon [_thread_in_native, id=14912, stack(0x000000f637700000,0x000000f637800000) (1024K)]
  0x0000024d56fcbc80 JavaThread "Thread-9"                   daemon [_thread_in_native, id=18696, stack(0x000000f637800000,0x000000f637900000) (1024K)]
  0x0000024d56fcc310 JavaThread "Thread-10"                  daemon [_thread_in_native, id=29876, stack(0x000000f637900000,0x000000f637a00000) (1024K)]
  0x0000024d56fcc9a0 JavaThread "Thread-11"                  daemon [_thread_in_native, id=33108, stack(0x000000f637a00000,0x000000f637b00000) (1024K)]
  0x0000024d5865d700 JavaThread "Thread-12"                  daemon [_thread_in_native, id=16484, stack(0x000000f637b00000,0x000000f637c00000) (1024K)]
  0x0000024d5865f7d0 JavaThread "Thread-13"                  daemon [_thread_in_native, id=14972, stack(0x000000f637c00000,0x000000f637d00000) (1024K)]
  0x0000024d5865fe60 JavaThread "pool-2-thread-1"                   [_thread_blocked, id=26484, stack(0x000000f637d00000,0x000000f637e00000) (1024K)]
  0x0000024d5865e420 JavaThread "WorkspaceEventsHandler"            [_thread_blocked, id=23700, stack(0x000000f637f00000,0x000000f638000000) (1024K)]
  0x0000024d58660b80 JavaThread "pool-1-thread-1"                   [_thread_blocked, id=16872, stack(0x000000f638000000,0x000000f638100000) (1024K)]
  0x0000024d588436b0 JavaThread "Cleaner-0"                  daemon [_thread_blocked, id=6092, stack(0x000000f63b000000,0x000000f63b100000) (1024K)]
  0x0000024d58844a60 JavaThread "Java Debug Server"          daemon [_thread_in_native, id=24964, stack(0x000000f633800000,0x000000f633900000) (1024K)]
  0x0000024d58842990 JavaThread "RxSchedulerPurge-1"         daemon [_thread_blocked, id=18828, stack(0x000000f635200000,0x000000f635300000) (1024K)]
  0x0000024d588450f0 JavaThread "RxCachedWorkerPoolEvictor-1" daemon [_thread_blocked, id=21620, stack(0x000000f635300000,0x000000f635400000) (1024K)]
  0x0000024d572f3c10 JavaThread "Worker-11"                         [_thread_blocked, id=32212, stack(0x000000f634800000,0x000000f634900000) (1024K)]
  0x0000024d56fc5a10 JavaThread "ForkJoinPool.commonPool-worker-13" daemon [_thread_blocked, id=30248, stack(0x000000f633900000,0x000000f633a00000) (1024K)]
  0x0000024d56fc9520 JavaThread "ForkJoinPool.commonPool-worker-14" daemon [_thread_blocked, id=6880, stack(0x000000f633a00000,0x000000f633b00000) (1024K)]
  0x0000024d56fc60a0 JavaThread "ForkJoinPool.commonPool-worker-15" daemon [_thread_blocked, id=20232, stack(0x000000f635400000,0x000000f635500000) (1024K)]
  0x0000024d572f2ef0 JavaThread "ForkJoinPool.commonPool-worker-17" daemon [_thread_blocked, id=11888, stack(0x000000f635f00000,0x000000f636000000) (1024K)]
  0x0000024d572f7720 JavaThread "ForkJoinPool.commonPool-worker-18" daemon [_thread_blocked, id=6648, stack(0x000000f636100000,0x000000f636200000) (1024K)]
  0x0000024d5a2acfa0 JavaThread "ForkJoinPool.commonPool-worker-20" daemon [_thread_blocked, id=26380, stack(0x000000f636d00000,0x000000f636e00000) (1024K)]
  0x0000024d5823b350 JavaThread "ForkJoinPool.commonPool-worker-21" daemon [_thread_blocked, id=24604, stack(0x000000f635100000,0x000000f635200000) (1024K)]
  0x0000024d5823b9e0 JavaThread "ForkJoinPool.commonPool-worker-22" daemon [_thread_blocked, id=19772, stack(0x000000f635500000,0x000000f635600000) (1024K)]
  0x0000024d5823c070 JavaThread "ForkJoinPool.commonPool-worker-23" daemon [_thread_blocked, id=16656, stack(0x000000f635600000,0x000000f635700000) (1024K)]
  0x0000024d5823ee60 JavaThread "ForkJoinPool.commonPool-worker-24" daemon [_thread_blocked, id=21980, stack(0x000000f636600000,0x000000f636700000) (1024K)]
  0x0000024d5823cd90 JavaThread "Compiler Source File Reader" daemon [_thread_blocked, id=7388, stack(0x000000f635d00000,0x000000f635e00000) (1024K)]
  0x0000024d58239fa0 JavaThread "Compiler Source File Reader" daemon [_thread_blocked, id=17188, stack(0x000000f636800000,0x000000f636900000) (1024K)]
  0x0000024d5823e7d0 JavaThread "Compiler Source File Reader" daemon [_thread_blocked, id=14876, stack(0x000000f636b00000,0x000000f636c00000) (1024K)]
  0x0000024d5a2b1140 JavaThread "Compiler Source File Reader" daemon [_thread_blocked, id=24976, stack(0x000000f636e00000,0x000000f636f00000) (1024K)]
  0x0000024d5a2afd90 JavaThread "Compiler Source File Reader" daemon [_thread_blocked, id=14864, stack(0x000000f636f00000,0x000000f637000000) (1024K)]
  0x0000024d5a2ae9e0 JavaThread "Compiler Source File Reader" daemon [_thread_blocked, id=6708, stack(0x000000f637e00000,0x000000f637f00000) (1024K)]
  0x0000024d5a2b3f30 JavaThread "Compiler Source File Reader" daemon [_thread_blocked, id=23332, stack(0x000000f636000000,0x000000f636100000) (1024K)]
  0x0000024d586625c0 JavaThread "Worker-16"                         [_thread_blocked, id=10588, stack(0x000000f636700000,0x000000f636800000) (1024K)]
  0x0000024d5865f140 JavaThread "Compiler Source File Reader" daemon [_thread_blocked, id=32536, stack(0x000000f638100000,0x000000f638200000) (1024K)]
  0x0000024d58661f30 JavaThread "pool-3-thread-9"                   [_thread_in_native, id=33828, stack(0x000000f638300000,0x000000f638400000) (1024K)]
  0x0000024d58841c70 JavaThread "RxNewThreadScheduler-27"    daemon [_thread_blocked, id=8416, stack(0x000000f638500000,0x000000f638600000) (1024K)]
  0x0000024d5883e7f0 JavaThread "process reaper (pid 20084)" daemon [_thread_in_native, id=27032, stack(0x000000f633510000,0x000000f633530000) (128K)]
Total: 63

Other Threads:
  0x0000024d72923130 VMThread "VM Thread"                           [id=5244, stack(0x000000f633e00000,0x000000f633f00000) (1024K)] _threads_hazard_ptr=0x0000024d5b232ba0
  0x0000024d729fb780 WatcherThread "VM Periodic Task Thread"        [id=23588, stack(0x000000f633d00000,0x000000f633e00000) (1024K)]
  0x0000024d729ad390 WorkerThread "GC Thread#0"                     [id=31880, stack(0x000000f633c00000,0x000000f633d00000) (1024K)]
  0x0000024d562ce100 WorkerThread "GC Thread#1"                     [id=28236, stack(0x000000f634b00000,0x000000f634c00000) (1024K)]
  0x0000024d56903010 WorkerThread "GC Thread#2"                     [id=23880, stack(0x000000f634c00000,0x000000f634d00000) (1024K)]
  0x0000024d569033c0 WorkerThread "GC Thread#3"                     [id=23940, stack(0x000000f634d00000,0x000000f634e00000) (1024K)]
  0x0000024d565afcd0 WorkerThread "GC Thread#4"                     [id=31808, stack(0x000000f634e00000,0x000000f634f00000) (1024K)]
  0x0000024d565b0080 WorkerThread "GC Thread#5"                     [id=9992, stack(0x000000f634f00000,0x000000f635000000) (1024K)]
  0x0000024d565b0430 WorkerThread "GC Thread#6"                     [id=33336, stack(0x000000f635000000,0x000000f635100000) (1024K)]
  0x0000024d56955d90 WorkerThread "GC Thread#7"                     [id=5164, stack(0x000000f635800000,0x000000f635900000) (1024K)]
  0x0000024d51b03e50 WorkerThread "GC Thread#8"                     [id=30688, stack(0x000000f636300000,0x000000f636400000) (1024K)]
  0x0000024d56fd4430 WorkerThread "GC Thread#9"                     [id=32112, stack(0x000000f636400000,0x000000f636500000) (1024K)]
Total: 12

Threads with active compile tasks:
Total: 0

VM state: not at safepoint (normal execution)

VM Mutex/Monitor currently owned by a thread: None

Heap address: 0x0000000080000000, size: 2048 MB, Compressed Oops mode: 32-bit

CDS archive(s) mapped at: [0x0000024d0f000000-0x0000024d0fc80000-0x0000024d0fc80000), size 13107200, SharedBaseAddress: 0x0000024d0f000000, ArchiveRelocationMode: 1.
Compressed class space mapped at: 0x0000024d10000000-0x0000024d50000000, reserved size: 1073741824
Narrow klass base: 0x0000024d0f000000, Narrow klass shift: 0, Narrow klass range: 0x100000000

GC Precious Log:
 CardTable entry size: 512
 CPUs: 12 total, 12 available
 Memory: 24260M
 Large Page Support: Disabled
 NUMA Support: Disabled
 Compressed Oops: Enabled (32-bit)
 Alignments: Space 512K, Generation 512K, Heap 2M
 Heap Min Capacity: 100M
 Heap Initial Capacity: 100M
 Heap Max Capacity: 2G
 Pre-touch: Disabled
 Parallel Workers: 10

Heap:
 PSYoungGen      total 5632K, used 1286K [0x00000000d5580000, 0x00000000d5d00000, 0x0000000100000000)
  eden space 5120K, 20% used [0x00000000d5580000,0x00000000d5681ac0,0x00000000d5a80000)
  from space 512K, 50% used [0x00000000d5b00000,0x00000000d5b40000,0x00000000d5b80000)
  to   space 1024K, 0% used [0x00000000d5c00000,0x00000000d5c00000,0x00000000d5d00000)
 ParOldGen       total 1133568K, used 577937K [0x0000000080000000, 0x00000000c5300000, 0x00000000d5580000)
  object space 1133568K, 50% used [0x0000000080000000,0x00000000a3464550,0x00000000c5300000)
 Metaspace       used 98181K, committed 99904K, reserved 1179648K
  class space    used 9726K, committed 10560K, reserved 1048576K

Card table byte_map: [0x0000024d72330000,0x0000024d72740000] _byte_map_base: 0x0000024d71f30000

Marking Bits: (ParMarkBitMap*) 0x00007ffeae4607b0
 Begin Bits: [0x0000024d7b370000, 0x0000024d7d370000)
 End Bits:   [0x0000024d7d370000, 0x0000024d7f370000)

Polling page: 0x0000024d70730000

Metaspace:

Usage:
  Non-class:     86.38 MB used.
      Class:      9.50 MB used.
       Both:     95.88 MB used.

Virtual space:
  Non-class space:      128.00 MB reserved,      87.25 MB ( 68%) committed,  2 nodes.
      Class space:        1.00 GB reserved,      10.31 MB (  1%) committed,  1 nodes.
             Both:        1.12 GB reserved,      97.56 MB (  8%) committed. 

Chunk freelists:
   Non-Class:  8.19 MB
       Class:  5.65 MB
        Both:  13.84 MB

MaxMetaspaceSize: unlimited
CompressedClassSpaceSize: 1.00 GB
Initial GC threshold: 21.00 MB
Current GC threshold: 161.56 MB
CDS: on
 - commit_granule_bytes: 65536.
 - commit_granule_words: 8192.
 - virtual_space_node_default_size: 8388608.
 - enlarge_chunks_in_place: 1.
 - use_allocation_guard: 0.


Internal statistics:

num_allocs_failed_limit: 9.
num_arena_births: 1730.
num_arena_deaths: 354.
num_vsnodes_births: 3.
num_vsnodes_deaths: 0.
num_space_committed: 1561.
num_space_uncommitted: 0.
num_chunks_returned_to_freelist: 413.
num_chunks_taken_from_freelist: 6581.
num_chunk_merges: 105.
num_chunk_splits: 3912.
num_chunks_enlarged: 2207.
num_inconsistent_stats: 0.

CodeHeap 'non-profiled nmethods': size=120000Kb used=26036Kb max_used=26719Kb free=93963Kb
 bounds [0x0000024d07ad0000, 0x0000024d09500000, 0x0000024d0f000000]
CodeHeap 'profiled nmethods': size=120000Kb used=46495Kb max_used=55581Kb free=73504Kb
 bounds [0x0000024d00000000, 0x0000024d03650000, 0x0000024d07530000]
CodeHeap 'non-nmethods': size=5760Kb used=1546Kb max_used=1625Kb free=4213Kb
 bounds [0x0000024d07530000, 0x0000024d077a0000, 0x0000024d07ad0000]
CodeCache: size=245760Kb, used=74077Kb, max_used=83925Kb, free=171680Kb
 total_blobs=19604, nmethods=18733, adapters=773, full_count=0
Compilation: enabled, stopped_count=0, restarted_count=0

Compilation events (20 events):
Event: 3380.491 Thread 0x0000024d517bb840 27096       3       java.io.StringReader::<init> (28 bytes)
Event: 3380.491 Thread 0x0000024d517bb840 nmethod 27096 0x0000024d011ff390 code [0x0000024d011ff560, 0x0000024d011ff880]
Event: 3380.593 Thread 0x0000024d517b4fb0 27097       4       java.lang.invoke.VarHandleGuards::guard_LII_Z (86 bytes)
Event: 3380.596 Thread 0x0000024d517b4fb0 nmethod 27097 0x0000024d08a87990 code [0x0000024d08a87b80, 0x0000024d08a87fb8]
Event: 3398.568 Thread 0x0000024d517bb840 27098   !   3       java.util.logging.LogManager::getUserContext (118 bytes)
Event: 3398.569 Thread 0x0000024d517bb840 nmethod 27098 0x0000024d01628e10 code [0x0000024d01628fc0, 0x0000024d01629230]
Event: 3398.569 Thread 0x0000024d517bb840 27099       3       jdk.internal.access.SharedSecrets::getJavaAWTAccess (4 bytes)
Event: 3398.569 Thread 0x0000024d517bb840 nmethod 27099 0x0000024d007ef290 code [0x0000024d007ef420, 0x0000024d007ef518]
Event: 3407.350 Thread 0x0000024d517b4fb0 27100       4       org.eclipse.jdt.internal.core.JavaProject::getRawClasspath (38 bytes)
Event: 3407.355 Thread 0x0000024d517b4fb0 nmethod 27100 0x0000024d08a86a10 code [0x0000024d08a86c00, 0x0000024d08a873e8]
Event: 3407.717 Thread 0x0000024d517b4fb0 27101  s    4       org.eclipse.jdt.core.dom.DefaultBindingResolver::getAnnotationInstance (91 bytes)
Event: 3407.724 Thread 0x0000024d517b4fb0 nmethod 27101 0x0000024d08a85c90 code [0x0000024d08a85ea0, 0x0000024d08a86540]
Event: 3407.724 Thread 0x0000024d517b4fb0 27102       4       org.eclipse.jdt.core.dom.TypeBinding::isClass (50 bytes)
Event: 3407.726 Thread 0x0000024d517b4fb0 nmethod 27102 0x0000024d07d81490 code [0x0000024d07d81620, 0x0000024d07d81760]
Event: 3407.764 Thread 0x0000024d517bb840 27103       3       org.eclipse.jdt.internal.compiler.flow.UnconditionalFlowInfo::isPotentiallyAssigned (26 bytes)
Event: 3407.764 Thread 0x0000024d517bb840 nmethod 27103 0x0000024d01907590 code [0x0000024d01907740, 0x0000024d01907990]
Event: 3407.773 Thread 0x0000024d517bb840 27104       3       org.eclipse.jdt.internal.compiler.flow.LoopingFlowContext::recordUsingNullReference (802 bytes)
Event: 3407.775 Thread 0x0000024d517bb840 nmethod 27104 0x0000024d02005990 code [0x0000024d02006120, 0x0000024d0200a110]
Event: 3422.269 Thread 0x0000024d517b4fb0 27105   !   4       java.util.concurrent.locks.LockSupport::parkNanos (56 bytes)
Event: 3422.272 Thread 0x0000024d517b4fb0 nmethod 27105 0x0000024d089ff210 code [0x0000024d089ff3c0, 0x0000024d089ff538]

GC Heap History (20 events):
Event: 3369.115 GC heap before
{Heap before GC invocations=4348 (full 6):
 PSYoungGen      total 5120K, used 5118K [0x00000000d5580000, 0x00000000d6180000, 0x0000000100000000)
  eden space 3072K, 100% used [0x00000000d5580000,0x00000000d5880000,0x00000000d5880000)
  from space 2048K, 99% used [0x00000000d5880000,0x00000000d5a7f8a0,0x00000000d5a80000)
  to   space 4608K, 0% used [0x00000000d5d00000,0x00000000d5d00000,0x00000000d6180000)
 ParOldGen       total 1133568K, used 568720K [0x0000000080000000, 0x00000000c5300000, 0x00000000d5580000)
  object space 1133568K, 50% used [0x0000000080000000,0x00000000a2b64258,0x00000000c5300000)
 Metaspace       used 98174K, committed 99904K, reserved 1179648K
  class space    used 9726K, committed 10560K, reserved 1048576K
}
Event: 3369.118 GC heap after
{Heap after GC invocations=4348 (full 6):
 PSYoungGen      total 7680K, used 3008K [0x00000000d5580000, 0x00000000d6080000, 0x0000000100000000)
  eden space 4096K, 0% used [0x00000000d5580000,0x00000000d5580000,0x00000000d5980000)
  from space 3584K, 83% used [0x00000000d5d00000,0x00000000d5ff0000,0x00000000d6080000)
  to   space 3584K, 0% used [0x00000000d5980000,0x00000000d5980000,0x00000000d5d00000)
 ParOldGen       total 1133568K, used 570986K [0x0000000080000000, 0x00000000c5300000, 0x00000000d5580000)
  object space 1133568K, 50% used [0x0000000080000000,0x00000000a2d9ab48,0x00000000c5300000)
 Metaspace       used 98174K, committed 99904K, reserved 1179648K
  class space    used 9726K, committed 10560K, reserved 1048576K
}
Event: 3369.135 GC heap before
{Heap before GC invocations=4349 (full 6):
 PSYoungGen      total 7680K, used 7104K [0x00000000d5580000, 0x00000000d6080000, 0x0000000100000000)
  eden space 4096K, 100% used [0x00000000d5580000,0x00000000d5980000,0x00000000d5980000)
  from space 3584K, 83% used [0x00000000d5d00000,0x00000000d5ff0000,0x00000000d6080000)
  to   space 3584K, 0% used [0x00000000d5980000,0x00000000d5980000,0x00000000d5d00000)
 ParOldGen       total 1133568K, used 570986K [0x0000000080000000, 0x00000000c5300000, 0x00000000d5580000)
  object space 1133568K, 50% used [0x0000000080000000,0x00000000a2d9ab48,0x00000000c5300000)
 Metaspace       used 98174K, committed 99904K, reserved 1179648K
  class space    used 9726K, committed 10560K, reserved 1048576K
}
Event: 3369.138 GC heap after
{Heap after GC invocations=4349 (full 6):
 PSYoungGen      total 7680K, used 2481K [0x00000000d5580000, 0x00000000d6080000, 0x0000000100000000)
  eden space 4096K, 0% used [0x00000000d5580000,0x00000000d5580000,0x00000000d5980000)
  from space 3584K, 69% used [0x00000000d5980000,0x00000000d5bec7d8,0x00000000d5d00000)
  to   space 3072K, 0% used [0x00000000d5d80000,0x00000000d5d80000,0x00000000d6080000)
 ParOldGen       total 1133568K, used 573626K [0x0000000080000000, 0x00000000c5300000, 0x00000000d5580000)
  object space 1133568K, 50% used [0x0000000080000000,0x00000000a302eb48,0x00000000c5300000)
 Metaspace       used 98174K, committed 99904K, reserved 1179648K
  class space    used 9726K, committed 10560K, reserved 1048576K
}
Event: 3369.238 GC heap before
{Heap before GC invocations=4350 (full 6):
 PSYoungGen      total 7680K, used 6577K [0x00000000d5580000, 0x00000000d6080000, 0x0000000100000000)
  eden space 4096K, 100% used [0x00000000d5580000,0x00000000d5980000,0x00000000d5980000)
  from space 3584K, 69% used [0x00000000d5980000,0x00000000d5bec7d8,0x00000000d5d00000)
  to   space 3072K, 0% used [0x00000000d5d80000,0x00000000d5d80000,0x00000000d6080000)
 ParOldGen       total 1133568K, used 573626K [0x0000000080000000, 0x00000000c5300000, 0x00000000d5580000)
  object space 1133568K, 50% used [0x0000000080000000,0x00000000a302eb48,0x00000000c5300000)
 Metaspace       used 98175K, committed 99904K, reserved 1179648K
  class space    used 9726K, committed 10560K, reserved 1048576K
}
Event: 3369.242 GC heap after
{Heap after GC invocations=4350 (full 6):
 PSYoungGen      total 7168K, used 1805K [0x00000000d5580000, 0x00000000d5f80000, 0x0000000100000000)
  eden space 5120K, 0% used [0x00000000d5580000,0x00000000d5580000,0x00000000d5a80000)
  from space 2048K, 88% used [0x00000000d5d80000,0x00000000d5f43478,0x00000000d5f80000)
  to   space 2560K, 0% used [0x00000000d5a80000,0x00000000d5a80000,0x00000000d5d00000)
 ParOldGen       total 1133568K, used 575276K [0x0000000080000000, 0x00000000c5300000, 0x00000000d5580000)
  object space 1133568K, 50% used [0x0000000080000000,0x00000000a31cb318,0x00000000c5300000)
 Metaspace       used 98175K, committed 99904K, reserved 1179648K
  class space    used 9726K, committed 10560K, reserved 1048576K
}
Event: 3369.505 GC heap before
{Heap before GC invocations=4351 (full 6):
 PSYoungGen      total 7168K, used 6924K [0x00000000d5580000, 0x00000000d5f80000, 0x0000000100000000)
  eden space 5120K, 99% used [0x00000000d5580000,0x00000000d5a7ff20,0x00000000d5a80000)
  from space 2048K, 88% used [0x00000000d5d80000,0x00000000d5f43478,0x00000000d5f80000)
  to   space 2560K, 0% used [0x00000000d5a80000,0x00000000d5a80000,0x00000000d5d00000)
 ParOldGen       total 1133568K, used 575276K [0x0000000080000000, 0x00000000c5300000, 0x00000000d5580000)
  object space 1133568K, 50% used [0x0000000080000000,0x00000000a31cb318,0x00000000c5300000)
 Metaspace       used 98175K, committed 99904K, reserved 1179648K
  class space    used 9726K, committed 10560K, reserved 1048576K
}
Event: 3369.507 GC heap after
{Heap after GC invocations=4351 (full 6):
 PSYoungGen      total 6144K, used 784K [0x00000000d5580000, 0x00000000d5e00000, 0x0000000100000000)
  eden space 5120K, 0% used [0x00000000d5580000,0x00000000d5580000,0x00000000d5a80000)
  from space 1024K, 76% used [0x00000000d5a80000,0x00000000d5b44010,0x00000000d5b80000)
  to   space 1536K, 0% used [0x00000000d5c80000,0x00000000d5c80000,0x00000000d5e00000)
 ParOldGen       total 1133568K, used 575601K [0x0000000080000000, 0x00000000c5300000, 0x00000000d5580000)
  object space 1133568K, 50% used [0x0000000080000000,0x00000000a321c540,0x00000000c5300000)
 Metaspace       used 98175K, committed 99904K, reserved 1179648K
  class space    used 9726K, committed 10560K, reserved 1048576K
}
Event: 3369.527 GC heap before
{Heap before GC invocations=4352 (full 6):
 PSYoungGen      total 6144K, used 5904K [0x00000000d5580000, 0x00000000d5e00000, 0x0000000100000000)
  eden space 5120K, 100% used [0x00000000d5580000,0x00000000d5a80000,0x00000000d5a80000)
  from space 1024K, 76% used [0x00000000d5a80000,0x00000000d5b44010,0x00000000d5b80000)
  to   space 1536K, 0% used [0x00000000d5c80000,0x00000000d5c80000,0x00000000d5e00000)
 ParOldGen       total 1133568K, used 575601K [0x0000000080000000, 0x00000000c5300000, 0x00000000d5580000)
  object space 1133568K, 50% used [0x0000000080000000,0x00000000a321c540,0x00000000c5300000)
 Metaspace       used 98175K, committed 99904K, reserved 1179648K
  class space    used 9726K, committed 10560K, reserved 1048576K
}
Event: 3369.529 GC heap after
{Heap after GC invocations=4352 (full 6):
 PSYoungGen      total 5632K, used 288K [0x00000000d5580000, 0x00000000d5d00000, 0x0000000100000000)
  eden space 5120K, 0% used [0x00000000d5580000,0x00000000d5580000,0x00000000d5a80000)
  from space 512K, 56% used [0x00000000d5c80000,0x00000000d5cc8000,0x00000000d5d00000)
  to   space 1024K, 0% used [0x00000000d5b00000,0x00000000d5b00000,0x00000000d5c00000)
 ParOldGen       total 1133568K, used 575705K [0x0000000080000000, 0x00000000c5300000, 0x00000000d5580000)
  object space 1133568K, 50% used [0x0000000080000000,0x00000000a3236540,0x00000000c5300000)
 Metaspace       used 98175K, committed 99904K, reserved 1179648K
  class space    used 9726K, committed 10560K, reserved 1048576K
}
Event: 3371.777 GC heap before
{Heap before GC invocations=4353 (full 6):
 PSYoungGen      total 5632K, used 5408K [0x00000000d5580000, 0x00000000d5d00000, 0x0000000100000000)
  eden space 5120K, 100% used [0x00000000d5580000,0x00000000d5a80000,0x00000000d5a80000)
  from space 512K, 56% used [0x00000000d5c80000,0x00000000d5cc8000,0x00000000d5d00000)
  to   space 1024K, 0% used [0x00000000d5b00000,0x00000000d5b00000,0x00000000d5c00000)
 ParOldGen       total 1133568K, used 575705K [0x0000000080000000, 0x00000000c5300000, 0x00000000d5580000)
  object space 1133568K, 50% used [0x0000000080000000,0x00000000a3236540,0x00000000c5300000)
 Metaspace       used 98175K, committed 99904K, reserved 1179648K
  class space    used 9726K, committed 10560K, reserved 1048576K
}
Event: 3371.778 GC heap after
{Heap after GC invocations=4353 (full 6):
 PSYoungGen      total 6144K, used 320K [0x00000000d5580000, 0x00000000d5d00000, 0x0000000100000000)
  eden space 5120K, 0% used [0x00000000d5580000,0x00000000d5580000,0x00000000d5a80000)
  from space 1024K, 31% used [0x00000000d5b00000,0x00000000d5b50000,0x00000000d5c00000)
  to   space 512K, 0% used [0x00000000d5c80000,0x00000000d5c80000,0x00000000d5d00000)
 ParOldGen       total 1133568K, used 575745K [0x0000000080000000, 0x00000000c5300000, 0x00000000d5580000)
  object space 1133568K, 50% used [0x0000000080000000,0x00000000a3240540,0x00000000c5300000)
 Metaspace       used 98175K, committed 99904K, reserved 1179648K
  class space    used 9726K, committed 10560K, reserved 1048576K
}
Event: 3407.343 GC heap before
{Heap before GC invocations=4354 (full 6):
 PSYoungGen      total 6144K, used 5440K [0x00000000d5580000, 0x00000000d5d00000, 0x0000000100000000)
  eden space 5120K, 100% used [0x00000000d5580000,0x00000000d5a80000,0x00000000d5a80000)
  from space 1024K, 31% used [0x00000000d5b00000,0x00000000d5b50000,0x00000000d5c00000)
  to   space 512K, 0% used [0x00000000d5c80000,0x00000000d5c80000,0x00000000d5d00000)
 ParOldGen       total 1133568K, used 575745K [0x0000000080000000, 0x00000000c5300000, 0x00000000d5580000)
  object space 1133568K, 50% used [0x0000000080000000,0x00000000a3240540,0x00000000c5300000)
 Metaspace       used 98176K, committed 99904K, reserved 1179648K
  class space    used 9726K, committed 10560K, reserved 1048576K
}
Event: 3407.344 GC heap after
{Heap after GC invocations=4354 (full 6):
 PSYoungGen      total 5632K, used 480K [0x00000000d5580000, 0x00000000d5d00000, 0x0000000100000000)
  eden space 5120K, 0% used [0x00000000d5580000,0x00000000d5580000,0x00000000d5a80000)
  from space 512K, 93% used [0x00000000d5c80000,0x00000000d5cf8030,0x00000000d5d00000)
  to   space 1024K, 0% used [0x00000000d5b00000,0x00000000d5b00000,0x00000000d5c00000)
 ParOldGen       total 1133568K, used 576033K [0x0000000080000000, 0x00000000c5300000, 0x00000000d5580000)
  object space 1133568K, 50% used [0x0000000080000000,0x00000000a3288560,0x00000000c5300000)
 Metaspace       used 98176K, committed 99904K, reserved 1179648K
  class space    used 9726K, committed 10560K, reserved 1048576K
}
Event: 3407.711 GC heap before
{Heap before GC invocations=4355 (full 6):
 PSYoungGen      total 5632K, used 5600K [0x00000000d5580000, 0x00000000d5d00000, 0x0000000100000000)
  eden space 5120K, 100% used [0x00000000d5580000,0x00000000d5a80000,0x00000000d5a80000)
  from space 512K, 93% used [0x00000000d5c80000,0x00000000d5cf8030,0x00000000d5d00000)
  to   space 1024K, 0% used [0x00000000d5b00000,0x00000000d5b00000,0x00000000d5c00000)
 ParOldGen       total 1133568K, used 576033K [0x0000000080000000, 0x00000000c5300000, 0x00000000d5580000)
  object space 1133568K, 50% used [0x0000000080000000,0x00000000a3288560,0x00000000c5300000)
 Metaspace       used 98176K, committed 99904K, reserved 1179648K
  class space    used 9726K, committed 10560K, reserved 1048576K
}
Event: 3407.713 GC heap after
{Heap after GC invocations=4355 (full 6):
 PSYoungGen      total 6144K, used 1024K [0x00000000d5580000, 0x00000000d5e80000, 0x0000000100000000)
  eden space 5120K, 0% used [0x00000000d5580000,0x00000000d5580000,0x00000000d5a80000)
  from space 1024K, 100% used [0x00000000d5b00000,0x00000000d5c00000,0x00000000d5c00000)
  to   space 2048K, 0% used [0x00000000d5c80000,0x00000000d5c80000,0x00000000d5e80000)
 ParOldGen       total 1133568K, used 576585K [0x0000000080000000, 0x00000000c5300000, 0x00000000d5580000)
  object space 1133568K, 50% used [0x0000000080000000,0x00000000a3312578,0x00000000c5300000)
 Metaspace       used 98176K, committed 99904K, reserved 1179648K
  class space    used 9726K, committed 10560K, reserved 1048576K
}
Event: 3407.755 GC heap before
{Heap before GC invocations=4356 (full 6):
 PSYoungGen      total 6144K, used 6144K [0x00000000d5580000, 0x00000000d5e80000, 0x0000000100000000)
  eden space 5120K, 100% used [0x00000000d5580000,0x00000000d5a80000,0x00000000d5a80000)
  from space 1024K, 100% used [0x00000000d5b00000,0x00000000d5c00000,0x00000000d5c00000)
  to   space 2048K, 0% used [0x00000000d5c80000,0x00000000d5c80000,0x00000000d5e80000)
 ParOldGen       total 1133568K, used 576585K [0x0000000080000000, 0x00000000c5300000, 0x00000000d5580000)
  object space 1133568K, 50% used [0x0000000080000000,0x00000000a3312578,0x00000000c5300000)
 Metaspace       used 98176K, committed 99904K, reserved 1179648K
  class space    used 9726K, committed 10560K, reserved 1048576K
}
Event: 3407.758 GC heap after
{Heap after GC invocations=4356 (full 6):
 PSYoungGen      total 6656K, used 1088K [0x00000000d5580000, 0x00000000d5e00000, 0x0000000100000000)
  eden space 5120K, 0% used [0x00000000d5580000,0x00000000d5580000,0x00000000d5a80000)
  from space 1536K, 70% used [0x00000000d5c80000,0x00000000d5d90000,0x00000000d5e00000)
  to   space 1536K, 0% used [0x00000000d5b00000,0x00000000d5b00000,0x00000000d5c80000)
 ParOldGen       total 1133568K, used 577601K [0x0000000080000000, 0x00000000c5300000, 0x00000000d5580000)
  object space 1133568K, 50% used [0x0000000080000000,0x00000000a3410550,0x00000000c5300000)
 Metaspace       used 98176K, committed 99904K, reserved 1179648K
  class space    used 9726K, committed 10560K, reserved 1048576K
}
Event: 3434.758 GC heap before
{Heap before GC invocations=4357 (full 6):
 PSYoungGen      total 6656K, used 6208K [0x00000000d5580000, 0x00000000d5e00000, 0x0000000100000000)
  eden space 5120K, 100% used [0x00000000d5580000,0x00000000d5a80000,0x00000000d5a80000)
  from space 1536K, 70% used [0x00000000d5c80000,0x00000000d5d90000,0x00000000d5e00000)
  to   space 1536K, 0% used [0x00000000d5b00000,0x00000000d5b00000,0x00000000d5c80000)
 ParOldGen       total 1133568K, used 577601K [0x0000000080000000, 0x00000000c5300000, 0x00000000d5580000)
  object space 1133568K, 50% used [0x0000000080000000,0x00000000a3410550,0x00000000c5300000)
 Metaspace       used 98181K, committed 99904K, reserved 1179648K
  class space    used 9726K, committed 10560K, reserved 1048576K
}
Event: 3434.760 GC heap after
{Heap after GC invocations=4357 (full 6):
 PSYoungGen      total 5632K, used 256K [0x00000000d5580000, 0x00000000d5d00000, 0x0000000100000000)
  eden space 5120K, 0% used [0x00000000d5580000,0x00000000d5580000,0x00000000d5a80000)
  from space 512K, 50% used [0x00000000d5b00000,0x00000000d5b40000,0x00000000d5b80000)
  to   space 1024K, 0% used [0x00000000d5c00000,0x00000000d5c00000,0x00000000d5d00000)
 ParOldGen       total 1133568K, used 577937K [0x0000000080000000, 0x00000000c5300000, 0x00000000d5580000)
  object space 1133568K, 50% used [0x0000000080000000,0x00000000a3464550,0x00000000c5300000)
 Metaspace       used 98181K, committed 99904K, reserved 1179648K
  class space    used 9726K, committed 10560K, reserved 1048576K
}

Dll operation events (15 events):
Event: 0.013 Loaded shared library C:\Program Files\Microsoft\jdk-21.0.11.10-hotspot\bin\java.dll
Event: 0.050 Loaded shared library C:\Program Files\Microsoft\jdk-21.0.11.10-hotspot\bin\jsvml.dll
Event: 0.110 Loaded shared library C:\Program Files\Microsoft\jdk-21.0.11.10-hotspot\bin\zip.dll
Event: 0.114 Loaded shared library C:\Program Files\Microsoft\jdk-21.0.11.10-hotspot\bin\instrument.dll
Event: 0.120 Loaded shared library C:\Program Files\Microsoft\jdk-21.0.11.10-hotspot\bin\net.dll
Event: 0.122 Loaded shared library C:\Program Files\Microsoft\jdk-21.0.11.10-hotspot\bin\nio.dll
Event: 0.126 Loaded shared library C:\Program Files\Microsoft\jdk-21.0.11.10-hotspot\bin\zip.dll
Event: 0.144 Loaded shared library C:\Program Files\Microsoft\jdk-21.0.11.10-hotspot\bin\jimage.dll
Event: 0.229 Loaded shared library C:\Program Files\Microsoft\jdk-21.0.11.10-hotspot\bin\verify.dll
Event: 1.834 Loaded shared library C:\Users\HORAS\AppData\Roaming\Code\User\globalStorage\redhat.java\1.54.0\config_win\org.eclipse.equinox.launcher\org.eclipse.equinox.launcher.win32.win32.x86_64_1.3.0.v20260203-2149\eclipse_11919.dll
Event: 3.353 Loaded shared library C:\Program Files\Microsoft\jdk-21.0.11.10-hotspot\bin\management.dll
Event: 3.355 Loaded shared library C:\Program Files\Microsoft\jdk-21.0.11.10-hotspot\bin\management_ext.dll
Event: 4.396 Loaded shared library C:\Users\HORAS\AppData\Local\Temp\jna-68927901\jna5090414771723132674.dll
Event: 4.705 Loaded shared library C:\Program Files\Microsoft\jdk-21.0.11.10-hotspot\bin\sunmscapi.dll
Event: 4.822 Loaded shared library C:\Program Files\Microsoft\jdk-21.0.11.10-hotspot\bin\extnet.dll

Deoptimization events (20 events):
Event: 3354.482 Thread 0x0000024d58660b80 Uncommon trap: trap_request=0xffffff45 fr.pc=0x0000024d07ccff60 relative=0x0000000000000ac0
Event: 3354.482 Thread 0x0000024d58660b80 Uncommon trap: reason=unstable_if action=reinterpret pc=0x0000024d07ccff60 method=org.eclipse.jdt.internal.compiler.parser.Scanner.internalScanIdentifierOrKeyword(II[C)Lorg/eclipse/jdt/internal/compiler/parser/TerminalToken; @ 3197 c2
Event: 3354.482 Thread 0x0000024d58660b80 DEOPT PACKING pc=0x0000024d07ccff60 sp=0x000000f6380fe020
Event: 3354.482 Thread 0x0000024d58660b80 DEOPT UNPACKING pc=0x0000024d07583aa2 sp=0x000000f6380fdfb0 mode 2
Event: 3356.650 Thread 0x0000024d56fc9520 Uncommon trap: trap_request=0xffffffbe fr.pc=0x0000024d0888c70c relative=0x000000000000104c
Event: 3356.650 Thread 0x0000024d56fc9520 Uncommon trap: reason=profile_predicate action=maybe_recompile pc=0x0000024d0888c70c method=org.eclipse.jdt.internal.compiler.ast.ParameterizedSingleTypeReference.internalResolveLeafType(Lorg/eclipse/jdt/internal/compiler/lookup/Scope;Lorg/eclipse/jdt/int
Event: 3356.650 Thread 0x0000024d56fc9520 DEOPT PACKING pc=0x0000024d0888c70c sp=0x000000f633afd5f0
Event: 3356.650 Thread 0x0000024d56fc9520 DEOPT UNPACKING pc=0x0000024d07583aa2 sp=0x000000f633afd570 mode 2
Event: 3356.658 Thread 0x0000024d56fc9520 Uncommon trap: trap_request=0xffffffbe fr.pc=0x0000024d0888c70c relative=0x000000000000104c
Event: 3356.658 Thread 0x0000024d56fc9520 Uncommon trap: reason=profile_predicate action=maybe_recompile pc=0x0000024d0888c70c method=org.eclipse.jdt.internal.compiler.ast.ParameterizedSingleTypeReference.internalResolveLeafType(Lorg/eclipse/jdt/internal/compiler/lookup/Scope;Lorg/eclipse/jdt/int
Event: 3356.658 Thread 0x0000024d56fc9520 DEOPT PACKING pc=0x0000024d0888c70c sp=0x000000f633afd670
Event: 3356.658 Thread 0x0000024d56fc9520 DEOPT UNPACKING pc=0x0000024d07583aa2 sp=0x000000f633afd5f0 mode 2
Event: 3356.701 Thread 0x0000024d586625c0 Uncommon trap: trap_request=0xffffffbe fr.pc=0x0000024d0888c70c relative=0x000000000000104c
Event: 3356.701 Thread 0x0000024d586625c0 Uncommon trap: reason=profile_predicate action=maybe_recompile pc=0x0000024d0888c70c method=org.eclipse.jdt.internal.compiler.ast.ParameterizedSingleTypeReference.internalResolveLeafType(Lorg/eclipse/jdt/internal/compiler/lookup/Scope;Lorg/eclipse/jdt/int
Event: 3356.701 Thread 0x0000024d586625c0 DEOPT PACKING pc=0x0000024d0888c70c sp=0x000000f6367fe210
Event: 3356.701 Thread 0x0000024d586625c0 DEOPT UNPACKING pc=0x0000024d07583aa2 sp=0x000000f6367fe190 mode 2
Event: 3356.708 Thread 0x0000024d586625c0 Uncommon trap: trap_request=0xffffffbe fr.pc=0x0000024d0888c70c relative=0x000000000000104c
Event: 3356.708 Thread 0x0000024d586625c0 Uncommon trap: reason=profile_predicate action=maybe_recompile pc=0x0000024d0888c70c method=org.eclipse.jdt.internal.compiler.ast.ParameterizedSingleTypeReference.internalResolveLeafType(Lorg/eclipse/jdt/internal/compiler/lookup/Scope;Lorg/eclipse/jdt/int
Event: 3356.708 Thread 0x0000024d586625c0 DEOPT PACKING pc=0x0000024d0888c70c sp=0x000000f6367fe210
Event: 3356.708 Thread 0x0000024d586625c0 DEOPT UNPACKING pc=0x0000024d07583aa2 sp=0x000000f6367fe190 mode 2

Classes loaded (20 events):
Event: 105.325 Loading class java/util/function/IntPredicate
Event: 105.325 Loading class java/util/function/IntPredicate done
Event: 105.334 Loading class java/util/regex/Pattern$Bound
Event: 105.334 Loading class java/util/regex/Pattern$Bound done
Event: 370.420 Loading class java/util/concurrent/ConcurrentHashMap$TreeNode
Event: 370.420 Loading class java/util/concurrent/ConcurrentHashMap$TreeNode done
Event: 370.421 Loading class java/util/concurrent/ConcurrentHashMap$TreeBin
Event: 370.421 Loading class java/util/concurrent/ConcurrentHashMap$TreeBin done
Event: 490.644 Loading class java/lang/StringLatin1$CharsSpliterator
Event: 490.645 Loading class java/lang/StringLatin1$CharsSpliterator done
Event: 772.407 Loading class java/nio/channels/CompletionHandler
Event: 772.407 Loading class java/nio/channels/CompletionHandler done
Event: 2915.804 Loading class java/util/stream/ReferencePipeline$15
Event: 2915.804 Loading class java/util/stream/ReferencePipeline$15 done
Event: 2915.804 Loading class java/util/stream/ReferencePipeline$15$1
Event: 2915.805 Loading class java/util/stream/ReferencePipeline$15$1 done
Event: 2915.866 Loading class java/lang/MatchException
Event: 2915.866 Loading class java/lang/MatchException done
Event: 2915.926 Loading class java/util/HashMap$EntrySpliterator
Event: 2915.926 Loading class java/util/HashMap$EntrySpliterator done

Classes unloaded (20 events):
Event: 3076.765 Thread 0x0000024d72923130 Unloading class 0x0000024d10016400 'java/lang/invoke/LambdaForm$MH+0x0000024d10016400'
Event: 3076.765 Thread 0x0000024d72923130 Unloading class 0x0000024d10014800 'java/lang/invoke/LambdaForm$MH+0x0000024d10014800'
Event: 3076.765 Thread 0x0000024d72923130 Unloading class 0x0000024d1000d800 'java/lang/invoke/LambdaForm$MH+0x0000024d1000d800'
Event: 3076.765 Thread 0x0000024d72923130 Unloading class 0x0000024d1000d400 'java/lang/invoke/LambdaForm$MH+0x0000024d1000d400'
Event: 3076.765 Thread 0x0000024d72923130 Unloading class 0x0000024d1000d000 'java/lang/invoke/LambdaForm$MH+0x0000024d1000d000'
Event: 3076.765 Thread 0x0000024d72923130 Unloading class 0x0000024d1000cc00 'java/lang/invoke/LambdaForm$MH+0x0000024d1000cc00'
Event: 3076.765 Thread 0x0000024d72923130 Unloading class 0x0000024d1000c800 'java/lang/invoke/LambdaForm$BMH+0x0000024d1000c800'
Event: 3076.765 Thread 0x0000024d72923130 Unloading class 0x0000024d1000c000 'java/lang/invoke/LambdaForm$DMH+0x0000024d1000c000'
Event: 3076.765 Thread 0x0000024d72923130 Unloading class 0x0000024d10008c00 'java/lang/invoke/LambdaForm$MH+0x0000024d10008c00'
Event: 3076.765 Thread 0x0000024d72923130 Unloading class 0x0000024d10008800 'java/lang/invoke/LambdaForm$MH+0x0000024d10008800'
Event: 3076.765 Thread 0x0000024d72923130 Unloading class 0x0000024d10008400 'java/lang/invoke/LambdaForm$MH+0x0000024d10008400'
Event: 3076.765 Thread 0x0000024d72923130 Unloading class 0x0000024d10007000 'java/lang/invoke/LambdaForm$MH+0x0000024d10007000'
Event: 3076.765 Thread 0x0000024d72923130 Unloading class 0x0000024d10006c00 'java/lang/invoke/LambdaForm$MH+0x0000024d10006c00'
Event: 3076.765 Thread 0x0000024d72923130 Unloading class 0x0000024d10006400 'java/lang/invoke/LambdaForm$MH+0x0000024d10006400'
Event: 3076.765 Thread 0x0000024d72923130 Unloading class 0x0000024d10006000 'java/lang/invoke/LambdaForm$MH+0x0000024d10006000'
Event: 3076.765 Thread 0x0000024d72923130 Unloading class 0x0000024d10005c00 'java/lang/invoke/LambdaForm$BMH+0x0000024d10005c00'
Event: 3076.765 Thread 0x0000024d72923130 Unloading class 0x0000024d10004800 'java/lang/invoke/LambdaForm$DMH+0x0000024d10004800'
Event: 3076.765 Thread 0x0000024d72923130 Unloading class 0x0000024d10002400 'java/lang/invoke/LambdaForm$MH+0x0000024d10002400'
Event: 3076.765 Thread 0x0000024d72923130 Unloading class 0x0000024d10002000 'java/lang/invoke/LambdaForm$MH+0x0000024d10002000'
Event: 3076.765 Thread 0x0000024d72923130 Unloading class 0x0000024d10001800 'java/lang/invoke/LambdaForm$MH+0x0000024d10001800'

Classes redefined (0 events):
No events

Internal exceptions (20 events):
Event: 3071.903 Thread 0x0000024d56fc9520 Exception <a 'java/lang/NoSuchMethodError'{0x00000000d5a76490}: 'int java.lang.invoke.DirectMethodHandle$Holder.invokeSpecial(java.lang.Object, java.lang.Object, java.lang.Object, java.lang.Object, java.lang.Object)'> (0x00000000d5a76490) 
thrown [s\src\hotspot\share\interpreter\linkResolver.cpp, line 773]
Event: 3072.121 Thread 0x0000024d56fc9520 Implicit null exception at 0x0000024d08707f7a to 0x0000024d08708ee8
Event: 3092.452 Thread 0x0000024d572f7720 Implicit null exception at 0x0000024d086f7f3c to 0x0000024d086f9d3c
Event: 3161.938 Thread 0x0000024d5823ee60 Implicit null exception at 0x0000024d07ebd473 to 0x0000024d07ebe544
Event: 3161.976 Thread 0x0000024d5823ee60 Implicit null exception at 0x0000024d083d2439 to 0x0000024d083d26b0
Event: 3166.491 Thread 0x0000024d5a2b0420 Exception <a 'sun/nio/fs/WindowsException'{0x00000000d57d4b28}> (0x00000000d57d4b28) 
thrown [s\src\hotspot\share\prims\jni.cpp, line 520]
Event: 3166.491 Thread 0x0000024d5a2b0420 Exception <a 'sun/nio/fs/WindowsException'{0x00000000d57d54c8}> (0x00000000d57d54c8) 
thrown [s\src\hotspot\share\prims\jni.cpp, line 520]
Event: 3205.265 Thread 0x0000024d56fc8170 Exception <a 'sun/nio/fs/WindowsException'{0x00000000d55a39b0}> (0x00000000d55a39b0) 
thrown [s\src\hotspot\share\prims\jni.cpp, line 520]
Event: 3205.330 Thread 0x0000024d56fc8170 Exception <a 'sun/nio/fs/WindowsException'{0x00000000d5678dc8}> (0x00000000d5678dc8) 
thrown [s\src\hotspot\share\prims\jni.cpp, line 520]
Event: 3211.471 Thread 0x0000024d56fc8170 Exception <a 'sun/nio/fs/WindowsException'{0x00000000d55805c0}> (0x00000000d55805c0) 
thrown [s\src\hotspot\share\prims\jni.cpp, line 520]
Event: 3211.520 Thread 0x0000024d56fc8170 Exception <a 'sun/nio/fs/WindowsException'{0x00000000d57b94a0}> (0x00000000d57b94a0) 
thrown [s\src\hotspot\share\prims\jni.cpp, line 520]
Event: 3278.535 Thread 0x0000024d56fc8170 Exception <a 'sun/nio/fs/WindowsException'{0x00000000d5584dc0}> (0x00000000d5584dc0) 
thrown [s\src\hotspot\share\prims\jni.cpp, line 520]
Event: 3278.596 Thread 0x0000024d56fc8170 Exception <a 'sun/nio/fs/WindowsException'{0x00000000d5693010}> (0x00000000d5693010) 
thrown [s\src\hotspot\share\prims\jni.cpp, line 520]
Event: 3280.871 Thread 0x0000024d5865dd90 Exception <a 'sun/nio/fs/WindowsException'{0x00000000d55cb320}> (0x00000000d55cb320) 
thrown [s\src\hotspot\share\prims\jni.cpp, line 520]
Event: 3280.871 Thread 0x0000024d5865dd90 Exception <a 'sun/nio/fs/WindowsException'{0x00000000d55cb990}> (0x00000000d55cb990) 
thrown [s\src\hotspot\share\prims\jni.cpp, line 520]
Event: 3346.608 Thread 0x0000024d5823b9e0 Implicit null exception at 0x0000024d08f53c26 to 0x0000024d08f569f0
Event: 3369.075 Thread 0x0000024d56fc8170 Exception <a 'sun/nio/fs/WindowsException'{0x00000000d56240a0}> (0x00000000d56240a0) 
thrown [s\src\hotspot\share\prims\jni.cpp, line 520]
Event: 3369.125 Thread 0x0000024d56fc8170 Exception <a 'sun/nio/fs/WindowsException'{0x00000000d562d698}> (0x00000000d562d698) 
thrown [s\src\hotspot\share\prims\jni.cpp, line 520]
Event: 3380.515 Thread 0x0000024d58841c70 Exception <a 'sun/nio/fs/WindowsException'{0x00000000d57f13b8}> (0x00000000d57f13b8) 
thrown [s\src\hotspot\share\prims\jni.cpp, line 520]
Event: 3380.515 Thread 0x0000024d58841c70 Exception <a 'sun/nio/fs/WindowsException'{0x00000000d57f1c90}> (0x00000000d57f1c90) 
thrown [s\src\hotspot\share\prims\jni.cpp, line 520]

ZGC Phase Switch (0 events):
No events

VM Operations (20 events):
Event: 3371.778 Executing safepoint VM operation: ParallelGCFailedAllocation (Allocation Failure) done
Event: 3380.871 Executing safepoint VM operation: Cleanup
Event: 3380.871 Executing safepoint VM operation: Cleanup done
Event: 3407.343 Executing safepoint VM operation: ParallelGCFailedAllocation (Allocation Failure)
Event: 3407.344 Executing safepoint VM operation: ParallelGCFailedAllocation (Allocation Failure) done
Event: 3407.711 Executing safepoint VM operation: ParallelGCFailedAllocation (Allocation Failure)
Event: 3407.713 Executing safepoint VM operation: ParallelGCFailedAllocation (Allocation Failure) done
Event: 3407.755 Executing safepoint VM operation: ParallelGCFailedAllocation (Allocation Failure)
Event: 3407.758 Executing safepoint VM operation: ParallelGCFailedAllocation (Allocation Failure) done
Event: 3408.763 Executing safepoint VM operation: Cleanup
Event: 3408.763 Executing safepoint VM operation: Cleanup done
Event: 3427.391 Executing non-safepoint VM operation: HandshakeAllThreads (HandshakeForDeflation)
Event: 3427.391 Executing non-safepoint VM operation: HandshakeAllThreads (HandshakeForDeflation) done
Event: 3427.391 Executing non-safepoint VM operation: RendezvousGCThreads
Event: 3427.391 Executing non-safepoint VM operation: RendezvousGCThreads done
Event: 3434.758 Executing safepoint VM operation: ParallelGCFailedAllocation (Allocation Failure)
Event: 3434.760 Executing safepoint VM operation: ParallelGCFailedAllocation (Allocation Failure) done
Event: 3435.762 Executing safepoint VM operation: Cleanup
Event: 3435.762 Executing safepoint VM operation: Cleanup done
Event: 3487.403 Executing non-safepoint VM operation: HandshakeAllThreads (HandshakeForDeflation)

Memory protections (0 events):
No events

Nmethod flushes (20 events):
Event: 3076.810 Thread 0x0000024d72923130 flushing  nmethod 0x0000024d02c97210
Event: 3076.810 Thread 0x0000024d72923130 flushing  nmethod 0x0000024d02ca8610
Event: 3076.810 Thread 0x0000024d72923130 flushing  nmethod 0x0000024d02cb3b10
Event: 3076.810 Thread 0x0000024d72923130 flushing  nmethod 0x0000024d02cb4c10
Event: 3076.810 Thread 0x0000024d72923130 flushing  nmethod 0x0000024d02cb6b90
Event: 3076.810 Thread 0x0000024d72923130 flushing  nmethod 0x0000024d02cbbd10
Event: 3076.810 Thread 0x0000024d72923130 flushing  nmethod 0x0000024d02cbc410
Event: 3076.810 Thread 0x0000024d72923130 flushing  nmethod 0x0000024d02ccd190
Event: 3076.810 Thread 0x0000024d72923130 flushing  nmethod 0x0000024d02ccfc90
Event: 3076.810 Thread 0x0000024d72923130 flushing  nmethod 0x0000024d02cd1c10
Event: 3076.810 Thread 0x0000024d72923130 flushing  nmethod 0x0000024d02cd8490
Event: 3076.810 Thread 0x0000024d72923130 flushing  nmethod 0x0000024d02cda690
Event: 3076.810 Thread 0x0000024d72923130 flushing  nmethod 0x0000024d02d21910
Event: 3076.810 Thread 0x0000024d72923130 flushing  nmethod 0x0000024d02d38290
Event: 3076.810 Thread 0x0000024d72923130 flushing  nmethod 0x0000024d02d3ba90
Event: 3076.810 Thread 0x0000024d72923130 flushing  nmethod 0x0000024d02d59490
Event: 3076.810 Thread 0x0000024d72923130 flushing osr nmethod 0x0000024d02dd1590
Event: 3076.810 Thread 0x0000024d72923130 flushing osr nmethod 0x0000024d02ddf410
Event: 3076.810 Thread 0x0000024d72923130 flushing  nmethod 0x0000024d02de9410
Event: 3076.810 Thread 0x0000024d72923130 flushing osr nmethod 0x0000024d02ee3190

Events (20 events):
Event: 3327.854 Thread 0x0000024d595a0120 Thread exited: 0x0000024d595a0120
Event: 3338.657 Thread 0x0000024d5a2b38a0 Thread exited: 0x0000024d5a2b38a0
Event: 3340.958 Thread 0x0000024d5823c700 Thread exited: 0x0000024d5823c700
Event: 3340.958 Thread 0x0000024d582408a0 Thread exited: 0x0000024d582408a0
Event: 3342.267 Thread 0x0000024d58660b80 Thread added: 0x0000024d5865dd90
Event: 3342.952 Thread 0x0000024d5865f140 Thread exited: 0x0000024d5865f140
Event: 3344.336 Thread 0x0000024d5a2b0420 Thread added: 0x0000024d586625c0
Event: 3369.217 Thread 0x0000024d586625c0 Thread added: 0x0000024d5865f140
Event: 3369.221 Thread 0x0000024d586625c0 Thread added: 0x0000024d58662c50
Event: 3373.114 Thread 0x0000024d58661f30 Thread exited: 0x0000024d58661f30
Event: 3380.512 Thread 0x0000024d58844a60 Thread added: 0x0000024d58661f30
Event: 3380.513 Thread 0x0000024d58661f30 Thread added: 0x0000024d58841c70
Event: 3380.516 Thread 0x0000024d58841c70 Thread added: 0x0000024d5883e7f0
Event: 3380.530 Thread 0x0000024d58661f30 Thread added: 0x0000024d5883ee80
Event: 3380.530 Thread 0x0000024d5883e7f0 Thread exited: 0x0000024d5883e7f0
Event: 3380.593 Thread 0x0000024d5883ee80 Thread added: 0x0000024d5883e7f0
Event: 3380.593 Thread 0x0000024d5883ee80 Thread exited: 0x0000024d5883ee80
Event: 3416.997 Thread 0x0000024d5865dd90 Thread exited: 0x0000024d5865dd90
Event: 3429.248 Thread 0x0000024d58662c50 Thread exited: 0x0000024d58662c50
Event: 3440.619 Thread 0x0000024d5a2b0420 Thread exited: 0x0000024d5a2b0420


Dynamic libraries:
0x00007ff75cb50000 - 0x00007ff75cb5e000 	C:\Program Files\Microsoft\jdk-21.0.11.10-hotspot\bin\java.exe
0x00007fff82f80000 - 0x00007fff831e7000 	C:\WINDOWS\SYSTEM32\ntdll.dll
0x00007fff81bc0000 - 0x00007fff81c89000 	C:\WINDOWS\System32\KERNEL32.DLL
0x00007fff7fd70000 - 0x00007fff80164000 	C:\WINDOWS\System32\KERNELBASE.dll
0x00007fff80170000 - 0x00007fff802bb000 	C:\WINDOWS\System32\ucrtbase.dll
0x00007fff74ff0000 - 0x00007fff7500e000 	C:\Program Files\Microsoft\jdk-21.0.11.10-hotspot\bin\VCRUNTIME140.dll
0x00007fff77fd0000 - 0x00007fff77fe8000 	C:\Program Files\Microsoft\jdk-21.0.11.10-hotspot\bin\jli.dll
0x00007fff82d70000 - 0x00007fff82f35000 	C:\WINDOWS\System32\USER32.dll
0x00007fff5f370000 - 0x00007fff5f603000 	C:\WINDOWS\WinSxS\amd64_microsoft.windows.common-controls_6595b64144ccf1df_6.0.26100.8115_none_3e075c82e3354f9c\COMCTL32.dll
0x00007fff7f8e0000 - 0x00007fff7f907000 	C:\WINDOWS\System32\win32u.dll
0x00007fff82780000 - 0x00007fff82829000 	C:\WINDOWS\System32\msvcrt.dll
0x00007fff81ae0000 - 0x00007fff81b0b000 	C:\WINDOWS\System32\GDI32.dll
0x00007fff80be0000 - 0x00007fff80d0b000 	C:\WINDOWS\System32\gdi32full.dll
0x00007fff7fc00000 - 0x00007fff7fca3000 	C:\WINDOWS\System32\msvcp_win.dll
0x00007fff82cb0000 - 0x00007fff82ce2000 	C:\WINDOWS\System32\IMM32.DLL
0x00007fff75070000 - 0x00007fff7507c000 	C:\Program Files\Microsoft\jdk-21.0.11.10-hotspot\bin\vcruntime140_1.dll
0x00007fff13680000 - 0x00007fff13709000 	C:\Program Files\Microsoft\jdk-21.0.11.10-hotspot\bin\msvcp140.dll
0x00007ffead790000 - 0x00007ffeae53e000 	C:\Program Files\Microsoft\jdk-21.0.11.10-hotspot\bin\server\jvm.dll
0x00007fff82b20000 - 0x00007fff82bd6000 	C:\WINDOWS\System32\ADVAPI32.dll
0x00007fff81b10000 - 0x00007fff81bb7000 	C:\WINDOWS\System32\sechost.dll
0x00007fff825a0000 - 0x00007fff826b8000 	C:\WINDOWS\System32\RPCRT4.dll
0x00007fff80d10000 - 0x00007fff80d90000 	C:\WINDOWS\System32\WS2_32.dll
0x00007fff72800000 - 0x00007fff7280b000 	C:\WINDOWS\SYSTEM32\VERSION.dll
0x00007fff7d9b0000 - 0x00007fff7d9e6000 	C:\WINDOWS\SYSTEM32\WINMM.dll
0x00007fff7f6b0000 - 0x00007fff7f70e000 	C:\WINDOWS\SYSTEM32\POWRPROF.dll
0x00007fff7f690000 - 0x00007fff7f6a4000 	C:\WINDOWS\SYSTEM32\UMPDC.dll
0x00007fff7e5e0000 - 0x00007fff7e5fb000 	C:\WINDOWS\SYSTEM32\kernel.appcore.dll
0x00007fff6d280000 - 0x00007fff6d28a000 	C:\Program Files\Microsoft\jdk-21.0.11.10-hotspot\bin\jimage.dll
0x00007fff7d6c0000 - 0x00007fff7d902000 	C:\WINDOWS\SYSTEM32\DBGHELP.DLL
0x00007fff81480000 - 0x00007fff81802000 	C:\WINDOWS\System32\combase.dll
0x00007fff81810000 - 0x00007fff818e8000 	C:\WINDOWS\System32\OLEAUT32.dll
0x00007fff7d970000 - 0x00007fff7d9ab000 	C:\WINDOWS\SYSTEM32\dbgcore.DLL
0x00007fff802c0000 - 0x00007fff80365000 	C:\WINDOWS\System32\bcryptPrimitives.dll
0x00007fff6cff0000 - 0x00007fff6d000000 	C:\Program Files\Microsoft\jdk-21.0.11.10-hotspot\bin\instrument.dll
0x00007fff46f00000 - 0x00007fff46f21000 	C:\Program Files\Microsoft\jdk-21.0.11.10-hotspot\bin\java.dll
0x00007fff81c90000 - 0x00007fff823f7000 	C:\WINDOWS\System32\SHELL32.dll
0x00007fff7f910000 - 0x00007fff7fa7a000 	C:\WINDOWS\System32\wintypes.dll
0x00007fff80370000 - 0x00007fff80bd8000 	C:\WINDOWS\System32\windows.storage.dll
0x00007fff81340000 - 0x00007fff81438000 	C:\WINDOWS\System32\SHCORE.dll
0x00007fff82be0000 - 0x00007fff82c46000 	C:\WINDOWS\System32\shlwapi.dll
0x00007fff7f770000 - 0x00007fff7f799000 	C:\WINDOWS\SYSTEM32\profapi.dll
0x00007fff0f450000 - 0x00007fff0f526000 	C:\Program Files\Microsoft\jdk-21.0.11.10-hotspot\bin\jsvml.dll
0x00007fff6cfa0000 - 0x00007fff6cfb8000 	C:\Program Files\Microsoft\jdk-21.0.11.10-hotspot\bin\zip.dll
0x00007fff63300000 - 0x00007fff63311000 	C:\Program Files\Microsoft\jdk-21.0.11.10-hotspot\bin\net.dll
0x00007fff75f50000 - 0x00007fff7607d000 	C:\WINDOWS\SYSTEM32\WINHTTP.dll
0x00007fff7eb50000 - 0x00007fff7ebbc000 	C:\WINDOWS\system32\mswsock.dll
0x00007fff57d50000 - 0x00007fff57d66000 	C:\Program Files\Microsoft\jdk-21.0.11.10-hotspot\bin\nio.dll
0x00007fff6ce50000 - 0x00007fff6ce60000 	C:\Program Files\Microsoft\jdk-21.0.11.10-hotspot\bin\verify.dll
0x00007fff10190000 - 0x00007fff101d5000 	C:\Users\HORAS\AppData\Roaming\Code\User\globalStorage\redhat.java\1.54.0\config_win\org.eclipse.equinox.launcher\org.eclipse.equinox.launcher.win32.win32.x86_64_1.3.0.v20260203-2149\eclipse_11919.dll
0x00007fff82400000 - 0x00007fff82597000 	C:\WINDOWS\System32\ole32.dll
0x00007fff56250000 - 0x00007fff5625a000 	C:\Program Files\Microsoft\jdk-21.0.11.10-hotspot\bin\management.dll
0x00007fff55190000 - 0x00007fff5519c000 	C:\Program Files\Microsoft\jdk-21.0.11.10-hotspot\bin\management_ext.dll
0x00007fff81440000 - 0x00007fff81448000 	C:\WINDOWS\System32\PSAPI.DLL
0x00007fff7ee30000 - 0x00007fff7ee4b000 	C:\WINDOWS\SYSTEM32\CRYPTSP.dll
0x00007fff7e540000 - 0x00007fff7e579000 	C:\WINDOWS\system32\rsaenh.dll
0x00007fff7ec00000 - 0x00007fff7ec33000 	C:\WINDOWS\SYSTEM32\USERENV.dll
0x00007fff7f740000 - 0x00007fff7f76a000 	C:\WINDOWS\SYSTEM32\bcrypt.dll
0x00007fff7ee50000 - 0x00007fff7ee5c000 	C:\WINDOWS\SYSTEM32\CRYPTBASE.dll
0x00007fff7dfe0000 - 0x00007fff7e012000 	C:\WINDOWS\SYSTEM32\IPHLPAPI.DLL
0x00007fff81920000 - 0x00007fff8192a000 	C:\WINDOWS\System32\NSI.dll
0x00007fff3be70000 - 0x00007fff3beb9000 	C:\Users\HORAS\AppData\Local\Temp\jna-68927901\jna5090414771723132674.dll
0x00007fff76cc0000 - 0x00007fff76cdd000 	C:\WINDOWS\SYSTEM32\dhcpcsvc6.DLL
0x00007fff76c90000 - 0x00007fff76cb5000 	C:\WINDOWS\SYSTEM32\dhcpcsvc.DLL
0x00007fff53af0000 - 0x00007fff53afe000 	C:\Program Files\Microsoft\jdk-21.0.11.10-hotspot\bin\sunmscapi.dll
0x00007fff7fa80000 - 0x00007fff7fbf7000 	C:\WINDOWS\System32\CRYPT32.dll
0x00007fff7f050000 - 0x00007fff7f080000 	C:\WINDOWS\SYSTEM32\ncrypt.dll
0x00007fff7f000000 - 0x00007fff7f03f000 	C:\WINDOWS\SYSTEM32\NTASN1.dll
0x00007fff7e0d0000 - 0x00007fff7e202000 	C:\WINDOWS\SYSTEM32\DNSAPI.dll
0x00007fff76860000 - 0x00007fff7686b000 	C:\Windows\System32\rasadhlp.dll
0x00007fff76f20000 - 0x00007fff76fa6000 	C:\WINDOWS\System32\fwpuclnt.dll
0x00007fff53ae0000 - 0x00007fff53ae9000 	C:\Program Files\Microsoft\jdk-21.0.11.10-hotspot\bin\extnet.dll
0x00007fff7e700000 - 0x00007fff7e736000 	C:\WINDOWS\SYSTEM32\ntmarta.dll

JVMTI agents:
c:\Users\HORAS\.vscode\extensions\redhat.java-1.54.0-win32-x64\lombok\lombok-1.18.39-4050.jar path:C:\Program Files\Microsoft\jdk-21.0.11.10-hotspot\bin\instrument.dll, loaded, initialized, instrumentlib options:none

dbghelp: loaded successfully - version: 4.0.5 - missing functions: none
symbol engine: initialized successfully - sym options: 0x614 - pdb path: .;C:\Program Files\Microsoft\jdk-21.0.11.10-hotspot\bin;C:\WINDOWS\SYSTEM32;C:\WINDOWS\WinSxS\amd64_microsoft.windows.common-controls_6595b64144ccf1df_6.0.26100.8115_none_3e075c82e3354f9c;C:\Program Files\Microsoft\jdk-21.0.11.10-hotspot\bin\server;C:\Users\HORAS\AppData\Roaming\Code\User\globalStorage\redhat.java\1.54.0\config_win\org.eclipse.equinox.launcher\org.eclipse.equinox.launcher.win32.win32.x86_64_1.3.0.v20260203-2149;C:\Users\HORAS\AppData\Local\Temp\jna-68927901

VM Arguments:
jvm_args: --add-modules=ALL-SYSTEM --add-opens=java.base/java.util=ALL-UNNAMED --add-opens=java.base/java.lang=ALL-UNNAMED --add-opens=java.base/sun.nio.fs=ALL-UNNAMED -Declipse.application=org.eclipse.jdt.ls.core.id1 -Dosgi.bundles.defaultStartLevel=4 -Declipse.product=org.eclipse.jdt.ls.core.product -Djava.import.generatesMetadataFilesAtProjectRoot=false -DDetectVMInstallationsJob.disabled=true -Dfile.encoding=utf8 -XX:+UseParallelGC -XX:GCTimeRatio=4 -XX:AdaptiveSizePolicyWeight=90 -Dsun.zip.disableMemoryMapping=true -Xmx2G -Xms100m -Xlog:disable -javaagent:c:\Users\HORAS\.vscode\extensions\redhat.java-1.54.0-win32-x64\lombok\lombok-1.18.39-4050.jar -XX:+HeapDumpOnOutOfMemoryError -XX:HeapDumpPath=c:\Users\HORAS\AppData\Roaming\Code\User\workspaceStorage\64ee89de0fff9e4d9b582989a4a1fa66\redhat.java -Daether.dependencyCollector.impl=bf 
java_command: c:\Users\HORAS\.vscode\extensions\redhat.java-1.54.0-win32-x64\server\plugins\org.eclipse.equinox.launcher_1.7.100.v20251111-0406.jar -configuration c:\Users\HORAS\AppData\Roaming\Code\User\globalStorage\redhat.java\1.54.0\config_win -data c:\Users\HORAS\AppData\Roaming\Code\User\workspaceStorage\64ee89de0fff9e4d9b582989a4a1fa66\redhat.java\jdt_ws --pipe=\\.\pipe\lsp-d0256e85c308405b044681df486ebb4b-sock
java_class_path (initial): c:\Users\HORAS\.vscode\extensions\redhat.java-1.54.0-win32-x64\server\plugins\org.eclipse.equinox.launcher_1.7.100.v20251111-0406.jar
Launcher Type: SUN_STANDARD

[Global flags]
    uintx AdaptiveSizePolicyWeight                 = 90                                        {product} {command line}
     intx CICompilerCount                          = 4                                         {product} {ergonomic}
    uintx GCTimeRatio                              = 4                                         {product} {command line}
     bool HeapDumpOnOutOfMemoryError               = true                                   {manageable} {command line}
    ccstr HeapDumpPath                             = c:\Users\HORAS\AppData\Roaming\Code\User\workspaceStorage\64ee89de0fff9e4d9b582989a4a1fa66\redhat.java         {manageable} {command line}
   size_t InitialHeapSize                          = 104857600                                 {product} {command line}
   size_t MaxHeapSize                              = 2147483648                                {product} {command line}
   size_t MaxNewSize                               = 715653120                                 {product} {ergonomic}
   size_t MinHeapDeltaBytes                        = 524288                                    {product} {ergonomic}
   size_t MinHeapSize                              = 104857600                                 {product} {command line}
   size_t NewSize                                  = 34603008                                  {product} {ergonomic}
    uintx NonNMethodCodeHeapSize                   = 5839372                                {pd product} {ergonomic}
    uintx NonProfiledCodeHeapSize                  = 122909434                              {pd product} {ergonomic}
   size_t OldSize                                  = 70254592                                  {product} {ergonomic}
    uintx ProfiledCodeHeapSize                     = 122909434                              {pd product} {ergonomic}
    uintx ReservedCodeCacheSize                    = 251658240                              {pd product} {ergonomic}
     bool SegmentedCodeCache                       = true                                      {product} {ergonomic}
   size_t SoftMaxHeapSize                          = 2147483648                             {manageable} {ergonomic}
     bool UseCompressedOops                        = true                           {product lp64_product} {ergonomic}
     bool UseLargePagesIndividualAllocation        = false                                  {pd product} {ergonomic}
     bool UseParallelGC                            = true                                      {product} {command line}

Logging:
Log output configuration:
 #0: stdout all=off uptime,level,tags foldmultilines=false
 #1: stderr all=off uptime,level,tags foldmultilines=false

Release file:
IMPLEMENTOR="Microsoft" 
IMPLEMENTOR_VERSION="Microsoft-13877171" 
JAVA_RUNTIME_VERSION="21.0.11+10-LTS" 
JAVA_VERSION="21.0.11" 
JAVA_VERSION_DATE="2026-04-21" 
LIBC="default" 
MODULES="java.base java.compiler java.datatransfer java.xml java.prefs java.desktop java.instrument java.logging java.management java.security.sasl java.naming java.rmi java.management.rmi java.net.http java.scripting java.security.jgss java.transaction.xa java.sql java.sql.rowset java.xml.crypto java.se java.smartcardio jdk.accessibility jdk.internal.jvmstat jdk.attach jdk.charsets jdk.internal.opt jdk.zipfs jdk.compiler jdk.crypto.ec jdk.crypto.cryptoki jdk.crypto.mscapi jdk.dynalink jdk.internal.ed jdk.editpad jdk.hotspot.agent jdk.httpserver jdk.incubator.vector jdk.internal.le jdk.internal.vm.ci jdk.internal.vm.compiler jdk.internal.vm.compiler.management jdk.jartool jdk.javadoc jdk.jcmd jdk.management jdk.management.agent jdk.jconsole jdk.jdeps jdk.jdwp.agent jdk.jdi jdk.jfr jdk.jlink jdk.jpackage jdk.jshell jdk.jsobject jdk.jstatd jdk.localedata jdk.management.jfr jdk.naming.dns jdk.naming.rmi jdk.net jdk.nio.mapmode jdk.random jdk.sctp jdk.security.auth jdk.security.jgss jdk.unsupported jdk.unsupported.desktop jdk.xml.dom" 
OS_ARCH="x86_64" 
OS_NAME="Windows" 
SOURCE=".:git:87e312d67249" 

Environment Variables:
JAVA_HOME=C:\Program Files\Microsoft\jdk-21.0.11.10-hotspot\
PATH=C:\Users\HORAS\AppData\Local\Programs\Microsoft VS Code;C:\Program Files\Microsoft\jdk-21.0.11.10-hotspot\bin;C:\Python313\Scripts\;C:\Python313\;C:\Program Files (x86)\Common Files\Oracle\Java\java8path;C:\Program Files (x86)\Common Files\Oracle\Java\javapath;C:\WINDOWS\system32;C:\WINDOWS;C:\WINDOWS\System32\Wbem;C:\WINDOWS\System32\WindowsPowerShell\v1.0\;C:\WINDOWS\System32\OpenSSH\;C:\Program Files (x86)\NVIDIA Corporation\PhysX\Common;C:\Program Files\NVIDIA Corporation\NVIDIA NvDLISR;C:\Program Files\dotnet\;C:\Program Files\Git\cmd;C:\Program Files\Microsoft SQL Server\150\Tools\Binn\;C:\Program Files\Microsoft SQL Server\Client SDK\ODBC\170\Tools\Binn\;C:\ProgramData\chocolatey\bin;C:\Users\HORAS\AppData\Local\nvm;C:\nodejs;C:\Program Files\Java\jdk\bin;C:\Users\HORAS\AppData\Local\Microsoft\WindowsApps;C:\Users\HORAS\AppData\Local\Programs\Microsoft VS Code\bin;C:\Users\HORAS\.dotnet\tools;C:\Users\HORAS\AppData\Roaming\npm;C:\Users\HORAS\AppData\Local\nvm;C:\nodejs;C:\Users\HORAS\AppData\Local\GitHubDesktop\bin
USERNAME=HORAS
OS=Windows_NT
PROCESSOR_IDENTIFIER=Intel64 Family 6 Model 154 Stepping 4, GenuineIntel
TMP=C:\Users\HORAS\AppData\Local\Temp
TEMP=C:\Users\HORAS\AppData\Local\Temp




Periodic native trim disabled

---------------  S Y S T E M  ---------------

OS:
 Windows 11 , 64 bit Build 26100 (10.0.26100.8246)
OS uptime: 12 days 13:42 hours

CPU: total 12 (initial active 12) (12 cores per cpu, 1 threads per core) family 6 model 154 stepping 4 microcode 0x43b, cx8, cmov, fxsr, mmx, 3dnowpref, sse, sse2, sse3, ssse3, sse4.1, sse4.2, popcnt, lzcnt, tsc, tscinvbit, avx, avx2, aes, erms, clmul, bmi1, bmi2, adx, sha, fma, vzeroupper, clflush, clflushopt, clwb, serialize, rdtscp, rdpid, fsrm, f16c, pku, cet_ibt, cet_ss
Processor Information for processor 0
  Max Mhz: 1700, Current Mhz: 1700, Mhz Limit: 1700
Processor Information for processor 1
  Max Mhz: 1700, Current Mhz: 1700, Mhz Limit: 1700
Processor Information for processor 2
  Max Mhz: 1700, Current Mhz: 1700, Mhz Limit: 1700
Processor Information for processor 3
  Max Mhz: 1700, Current Mhz: 1457, Mhz Limit: 1700
Processor Information for processor 4
  Max Mhz: 1700, Current Mhz: 1700, Mhz Limit: 1700
Processor Information for processor 5
  Max Mhz: 1700, Current Mhz: 1700, Mhz Limit: 1700
Processor Information for processor 6
  Max Mhz: 1700, Current Mhz: 1558, Mhz Limit: 1700
Processor Information for processor 7
  Max Mhz: 1700, Current Mhz: 1558, Mhz Limit: 1700
Processor Information for processor 8
  Max Mhz: 1700, Current Mhz: 1558, Mhz Limit: 1700
Processor Information for processor 9
  Max Mhz: 1700, Current Mhz: 1700, Mhz Limit: 1700
Processor Information for processor 10
  Max Mhz: 1700, Current Mhz: 1700, Mhz Limit: 1700
Processor Information for processor 11
  Max Mhz: 1700, Current Mhz: 1558, Mhz Limit: 1700

Memory: 4k page, system-wide physical 24260M (4245M free)
TotalPageFile size 55397M (AvailPageFile size 7M)
current process WorkingSet (physical memory assigned to process): 1605M, peak: 1614M
current process commit charge ("private bytes"): 1540M, peak: 1547M

vm_info: OpenJDK 64-Bit Server VM (21.0.11+10-LTS) for windows-amd64 JRE (21.0.11+10-LTS), built on 2026-04-18T18:13:49Z by "MicrosoftCorporation" with MS VC++ 17.14 (VS2022)

END.
